
 RUN  v4.1.5 /home/pera/tus/transit-api-wrapper

{"level":50,"time":"2026-05-03T20:14:16.871Z","service":"transit-api-wrapper","env":"test","message":"[lines] Error:"}
 ❯ tests/controllers/lines.controller.test.ts (11 tests | 2 failed) 15ms
       ✓ should return all lines 5ms
       ✓ should handle internal errors 3ms
       × should return 404 if line not found 2ms
       × should return line details if found 0ms
       ✓ should return 404 if line not found 0ms
       ✓ should return line stops if found 1ms
       ✓ should return 404 if line not found 0ms
       ✓ should return line route if found 0ms
       ✓ should return 404 if missing line A 0ms
       ✓ should return 404 if missing line B 0ms
       ✓ should return intersection details 0ms
 ✓ tests/services/stops.service.test.ts (9 tests) 8ms
 ❯ tests/controllers/stops.controller.test.ts (7 tests | 2 failed) 10ms
       ✓ should redirect with query string 2ms
       ✓ should redirect with empty query if none provided 0ms
       ✓ should return nearby stops json 1ms
       ✓ should pass custom radius 1ms
       ✓ should call searchStops and return paged results 0ms
       × should return stop detail if found 2ms
       × should throw ApiError(404) if not found 2ms
 ❯ tests/controllers/trip.controller.test.ts (7 tests | 7 failed) 9ms
       × should return immediate response if origin and destination are the same 4ms
       × should throw 404 if origin stop not found 1ms
       × should throw 404 if destination stop not found 0ms
       × should return empty options if no route found 0ms
       × should return sliced top options with correct summary 0ms
       × should throw 404 if origin stop not found 0ms
       × should return reachable stops 0ms
 ❯ tests/services/arrivals.service.test.ts (10 tests | 1 failed) 72ms
       ✓ should filter legacy arrivals by lineId 3ms
       ✓ should throw an error if legacy API returns non-array 1ms
       ✓ should deduplicate concurrent requests for the same stop (Thundering Herd) 52ms
       ✓ should return null if stop does not exist 0ms
       ✓ should throw legacy_unavailable if legacyApi returns error 0ms
       ✓ should format valid raw arrivals properly 2ms
       × should handle arrivals with no valid minutes 7ms
       ✓ should populate upcoming stops if lineFilter is provided 1ms
       ✓ should throw legacy_unavailable on error 1ms
       ✓ should return raw arrivals array 1ms
 ✓ tests/utils/helpers.test.ts (12 tests) 23ms
{"level":50,"time":"2026-05-03T20:14:17.260Z","service":"transit-api-wrapper","env":"test","method":"GET","path":"/api/v1/map/stops","statusCode":500,"durationMs":4,"ip":"::ffff:127.0.0.1","message":"GET /api/v1/map/stops 500 (4ms)"}
{"level":30,"time":"2026-05-03T20:14:17.259Z","service":"transit-api-wrapper","env":"test","method":"GET","path":"/api/v1/alerts","statusCode":200,"durationMs":3,"ip":"::ffff:127.0.0.1","message":"GET /api/v1/alerts 200 (3ms)"}
{"level":50,"time":"2026-05-03T20:14:17.259Z","service":"transit-api-wrapper","env":"test","message":"[health] Error:"}
{"level":40,"time":"2026-05-03T20:14:17.260Z","service":"transit-api-wrapper","env":"test","message":"[lineIndex] Cache miss in RAM and Redis. Performing cold start build..."}
stderr | tests/integration/discover.test.ts > GET /api/v1/discover > should return API discovery document
[discover] Error: cacheDb is not defined

{"level":40,"time":"2026-05-03T20:14:17.263Z","service":"transit-api-wrapper","env":"test","method":"POST","path":"/api/v1/batch/arrivals","statusCode":400,"durationMs":3,"ip":"::ffff:127.0.0.1","message":"POST /api/v1/batch/arrivals 400 (3ms)"}
{"level":40,"time":"2026-05-03T20:14:17.263Z","service":"transit-api-wrapper","env":"test","method":"GET","path":"/api/v1/stops/abc/arrivals","statusCode":400,"durationMs":5,"ip":"::ffff:127.0.0.1","message":"GET /api/v1/stops/abc/arrivals 400 (5ms)"}
{"level":50,"time":"2026-05-03T20:14:17.263Z","service":"transit-api-wrapper","env":"test","method":"GET","path":"/api/v1/discover","statusCode":500,"durationMs":4,"ip":"::ffff:127.0.0.1","message":"GET /api/v1/discover 500 (4ms)"}
{"level":40,"time":"2026-05-03T20:14:17.265Z","service":"transit-api-wrapper","env":"test","method":"GET","path":"/api/v1/trip","query":{"from":"abc","to":"def"},"statusCode":400,"durationMs":5,"ip":"::ffff:127.0.0.1","message":"GET /api/v1/trip 400 (5ms)"}
{"level":40,"time":"2026-05-03T20:14:17.271Z","service":"transit-api-wrapper","env":"test","message":"[lineIndex] Cache miss in RAM and Redis. Performing cold start build..."}
{"level":30,"time":"2026-05-03T20:14:17.271Z","service":"transit-api-wrapper","env":"test","method":"POST","path":"/api/v1/batch/arrivals","statusCode":200,"durationMs":1,"ip":"::ffff:127.0.0.1","message":"POST /api/v1/batch/arrivals 200 (1ms)"}
{"level":40,"time":"2026-05-03T20:14:17.272Z","service":"transit-api-wrapper","env":"test","method":"GET","path":"/api/v1/stops/nearby","statusCode":400,"durationMs":9,"ip":"::ffff:127.0.0.1","message":"GET /api/v1/stops/nearby 400 (9ms)"}
{"level":30,"time":"2026-05-03T20:14:17.272Z","service":"transit-api-wrapper","env":"test","method":"GET","path":"/api/v1/now","statusCode":200,"durationMs":13,"ip":"::ffff:127.0.0.1","message":"GET /api/v1/now 200 (13ms)"}
{"level":40,"time":"2026-05-03T20:14:17.272Z","service":"transit-api-wrapper","env":"test","message":"[lineIndex] Cache miss in RAM and Redis. Performing cold start build..."}
 ❯ tests/integration/health.test.ts (1 test | 1 failed) 29ms
     × should return 200 or 503 depending on source status 27ms
{"level":50,"time":"2026-05-03T20:14:17.275Z","service":"transit-api-wrapper","env":"test","method":"POST","path":"/api/v1/batch/stops","statusCode":500,"durationMs":1,"ip":"::ffff:127.0.0.1","message":"POST /api/v1/batch/stops 500 (1ms)"}
{"level":50,"time":"2026-05-03T20:14:17.273Z","service":"transit-api-wrapper","env":"test","err":{"type":"ReferenceError","message":"cacheDb is not defined","stack":"ReferenceError: cacheDb is not defined\n    at /home/pera/tus/transit-api-wrapper/src/sources/openData.ts:45:26\n    at fetchAllStops (/home/pera/tus/transit-api-wrapper/src/sources/openData.ts:85:4)\n    at Module.getStopById (/home/pera/tus/transit-api-wrapper/src/sources/openData.ts:123:23)\n    at resolveStop (/home/pera/tus/transit-api-wrapper/src/utils/helpers.ts:35:29)\n    at Module.fetchSmartArrivals (/home/pera/tus/transit-api-wrapper/src/services/arrivals.service.ts:26:22)\n    at getArrivals (/home/pera/tus/transit-api-wrapper/src/controllers/arrivals.controller.ts:13:44)\n    at newFn (/home/pera/tus/transit-api-wrapper/node_modules/express-async-errors/index.js:16:20)\n    at Layer.handle [as handle_request] (/home/pera/tus/transit-api-wrapper/node_modules/express/lib/router/layer.js:95:5)\n    at next (/home/pera/tus/transit-api-wrapper/node_modules/express/lib/router/route.js:149:13)\n    at /home/pera/tus/transit-api-wrapper/src/middleware/validate.ts:18:7"},"path":"/api/v1/stops/999999/arrivals","method":"GET","message":"[error] Unhandled Express error"}
 ❯ tests/integration/discover.test.ts (1 test | 1 failed) 29ms
     × should return API discovery document 28ms
{"level":30,"time":"2026-05-03T20:14:17.278Z","service":"transit-api-wrapper","env":"test","method":"GET","path":"/api/v1/trip","query":{"from":"10","to":"10"},"statusCode":200,"durationMs":1,"ip":"::ffff:127.0.0.1","message":"GET /api/v1/trip 200 (1ms)"}
{"level":30,"time":"2026-05-03T20:14:17.272Z","service":"transit-api-wrapper","env":"test","message":"[lineIndex] Building line catalog from Legacy API..."}
{"level":30,"time":"2026-05-03T20:14:17.262Z","service":"transit-api-wrapper","env":"test","message":"[lineIndex] Building line catalog from Legacy API..."}
{"level":30,"time":"2026-05-03T20:14:17.271Z","service":"transit-api-wrapper","env":"test","message":"[lineIndex] Building line catalog from Legacy API..."}
{"level":40,"time":"2026-05-03T20:14:17.282Z","service":"transit-api-wrapper","env":"test","message":"[lineIndex] Cache miss in RAM and Redis. Performing cold start build..."}
{"level":40,"time":"2026-05-03T20:14:17.283Z","service":"transit-api-wrapper","env":"test","message":"[lineIndex] Cache miss in RAM and Redis. Performing cold start build..."}
{"level":40,"time":"2026-05-03T20:14:17.284Z","service":"transit-api-wrapper","env":"test","method":"GET","path":"/api/v1/stops/abc/etd","statusCode":400,"durationMs":2,"ip":"::ffff:127.0.0.1","message":"GET /api/v1/stops/abc/etd 400 (2ms)"}
{"level":50,"time":"2026-05-03T20:14:17.275Z","service":"transit-api-wrapper","env":"test","method":"GET","path":"/api/v1/stops/999999/arrivals","statusCode":500,"durationMs":3,"ip":"::ffff:127.0.0.1","message":"GET /api/v1/stops/999999/arrivals 500 (3ms)"}
{"level":50,"time":"2026-05-03T20:14:17.283Z","service":"transit-api-wrapper","env":"test","err":{"type":"ReferenceError","message":"cacheDb is not defined","stack":"ReferenceError: cacheDb is not defined\n    at /home/pera/tus/transit-api-wrapper/src/sources/openData.ts:45:26\n    at fetchAllStops (/home/pera/tus/transit-api-wrapper/src/sources/openData.ts:85:4)\n    at Module.getStops (/home/pera/tus/transit-api-wrapper/src/sources/openData.ts:119:10)\n    at Module.findNearbyStops (/home/pera/tus/transit-api-wrapper/src/services/stops.service.ts:27:35)\n    at getNearbyStops (/home/pera/tus/transit-api-wrapper/src/controllers/stops.controller.ts:17:38)\n    at newFn (/home/pera/tus/transit-api-wrapper/node_modules/express-async-errors/index.js:16:20)\n    at Layer.handle [as handle_request] (/home/pera/tus/transit-api-wrapper/node_modules/express/lib/router/layer.js:95:5)\n    at next (/home/pera/tus/transit-api-wrapper/node_modules/express/lib/router/route.js:149:13)\n    at /home/pera/tus/transit-api-wrapper/src/middleware/validate.ts:18:7\n    at processTicksAndRejections (node:internal/process/task_queues:104:5)"},"path":"/api/v1/stops/nearby","method":"GET","message":"[error] Unhandled Express error"}
{"level":50,"time":"2026-05-03T20:14:17.286Z","service":"transit-api-wrapper","env":"test","method":"GET","path":"/api/v1/stops/nearby","query":{"lat":"43.462","lng":"-3.819","limit":"0"},"statusCode":500,"durationMs":4,"ip":"::ffff:127.0.0.1","message":"GET /api/v1/stops/nearby 500 (4ms)"}
{"level":50,"time":"2026-05-03T20:14:17.285Z","service":"transit-api-wrapper","env":"test","err":{"type":"ReferenceError","message":"cacheDb is not defined","stack":"ReferenceError: cacheDb is not defined\n    at /home/pera/tus/transit-api-wrapper/src/sources/openData.ts:45:26\n    at fetchAllStops (/home/pera/tus/transit-api-wrapper/src/sources/openData.ts:85:4)\n    at Module.getStopById (/home/pera/tus/transit-api-wrapper/src/sources/openData.ts:123:23)\n    at resolveStop (/home/pera/tus/transit-api-wrapper/src/utils/helpers.ts:35:29)\n    at Module.fetchSmartArrivals (/home/pera/tus/transit-api-wrapper/src/services/arrivals.service.ts:26:22)\n    at getArrivals (/home/pera/tus/transit-api-wrapper/src/controllers/arrivals.controller.ts:13:44)\n    at newFn (/home/pera/tus/transit-api-wrapper/node_modules/express-async-errors/index.js:16:20)\n    at Layer.handle [as handle_request] (/home/pera/tus/transit-api-wrapper/node_modules/express/lib/router/layer.js:95:5)\n    at next (/home/pera/tus/transit-api-wrapper/node_modules/express/lib/router/route.js:149:13)\n    at /home/pera/tus/transit-api-wrapper/src/middleware/validate.ts:18:7"},"path":"/api/v1/stops/1/arrivals","method":"GET","message":"[error] Unhandled Express error"}
{"level":50,"time":"2026-05-03T20:14:17.286Z","service":"transit-api-wrapper","env":"test","method":"GET","path":"/api/v1/stops/1/arrivals","query":{"refresh":"true"},"statusCode":500,"durationMs":1,"ip":"::ffff:127.0.0.1","message":"GET /api/v1/stops/1/arrivals 500 (1ms)"}
stderr | tests/integration/time.test.ts > GET /api/v1/stops/:stop/etd > should return ETDs for a valid stop
[time] Error: cacheDb is not defined

{"level":50,"time":"2026-05-03T20:14:17.288Z","service":"transit-api-wrapper","env":"test","method":"GET","path":"/api/v1/stops/1/etd","statusCode":500,"durationMs":1,"ip":"::ffff:127.0.0.1","message":"GET /api/v1/stops/1/etd 500 (1ms)"}
 ❯ tests/integration/arrivals.test.ts (3 tests | 2 failed) 43ms
     ✓ should return 400 for invalid stop id 23ms
     × should return 404 if stop does not exist 11ms
     × should return arrivals with mocked external service 7ms
{"level":30,"time":"2026-05-03T20:14:17.283Z","service":"transit-api-wrapper","env":"test","message":"[lineIndex] Building line catalog from Legacy API..."}
{"level":30,"time":"2026-05-03T20:14:17.284Z","service":"transit-api-wrapper","env":"test","message":"[lineIndex] Building line catalog from Legacy API..."}
{"level":50,"time":"2026-05-03T20:14:17.293Z","service":"transit-api-wrapper","env":"test","err":{"type":"ReferenceError","message":"cacheDb is not defined","stack":"ReferenceError: cacheDb is not defined\n    at /home/pera/tus/transit-api-wrapper/src/sources/openData.ts:45:26\n    at fetchAllStops (/home/pera/tus/transit-api-wrapper/src/sources/openData.ts:85:4)\n    at Module.getStops (/home/pera/tus/transit-api-wrapper/src/sources/openData.ts:119:10)\n    at Module.findNearbyStops (/home/pera/tus/transit-api-wrapper/src/services/stops.service.ts:27:35)\n    at getNearbyStops (/home/pera/tus/transit-api-wrapper/src/controllers/stops.controller.ts:17:38)\n    at newFn (/home/pera/tus/transit-api-wrapper/node_modules/express-async-errors/index.js:16:20)\n    at Layer.handle [as handle_request] (/home/pera/tus/transit-api-wrapper/node_modules/express/lib/router/layer.js:95:5)\n    at next (/home/pera/tus/transit-api-wrapper/node_modules/express/lib/router/route.js:149:13)\n    at /home/pera/tus/transit-api-wrapper/src/middleware/validate.ts:18:7\n    at processTicksAndRejections (node:internal/process/task_queues:104:5)"},"path":"/api/v1/stops/nearby","method":"GET","message":"[error] Unhandled Express error"}
{"level":50,"time":"2026-05-03T20:14:17.293Z","service":"transit-api-wrapper","env":"test","method":"GET","path":"/api/v1/stops/nearby","query":{"lat":"43.462","lng":"-3.819"},"statusCode":500,"durationMs":1,"ip":"::ffff:127.0.0.1","message":"GET /api/v1/stops/nearby 500 (1ms)"}
{"level":40,"time":"2026-05-03T20:14:17.295Z","service":"transit-api-wrapper","env":"test","method":"GET","path":"/api/v1/stops/abc/arrivals/absolute","statusCode":400,"durationMs":1,"ip":"::ffff:127.0.0.1","message":"GET /api/v1/stops/abc/arrivals/absolute 400 (1ms)"}
{"level":50,"time":"2026-05-03T20:14:17.295Z","service":"transit-api-wrapper","env":"test","err":{"type":"TypeError","message":"__vite_ssr_import_1__.getStopDetails is not a function","stack":"TypeError: __vite_ssr_import_1__.getStopDetails is not a function\n    at getStopDetail (/home/pera/tus/transit-api-wrapper/src/controllers/stops.controller.ts:33:38)\n    at newFn (/home/pera/tus/transit-api-wrapper/node_modules/express-async-errors/index.js:16:20)\n    at Layer.handle [as handle_request] (/home/pera/tus/transit-api-wrapper/node_modules/express/lib/router/layer.js:95:5)\n    at next (/home/pera/tus/transit-api-wrapper/node_modules/express/lib/router/route.js:149:13)\n    at /home/pera/tus/transit-api-wrapper/src/middleware/validate.ts:18:7\n    at processTicksAndRejections (node:internal/process/task_queues:104:5)"},"path":"/api/v1/stops/999999","method":"GET","message":"[error] Unhandled Express error"}
{"level":50,"time":"2026-05-03T20:14:17.296Z","service":"transit-api-wrapper","env":"test","method":"GET","path":"/api/v1/stops/999999","statusCode":500,"durationMs":1,"ip":"::ffff:127.0.0.1","message":"GET /api/v1/stops/999999 500 (1ms)"}
stderr | tests/integration/time.test.ts > GET /api/v1/stops/:stop/arrivals/absolute > should return absolute arrival times for a valid stop
[time] Error: cacheDb is not defined

{"level":50,"time":"2026-05-03T20:14:17.297Z","service":"transit-api-wrapper","env":"test","method":"GET","path":"/api/v1/stops/1/arrivals/absolute","statusCode":500,"durationMs":1,"ip":"::ffff:127.0.0.1","message":"GET /api/v1/stops/1/arrivals/absolute 500 (1ms)"}
{"level":40,"time":"2026-05-03T20:14:17.298Z","service":"transit-api-wrapper","env":"test","method":"GET","path":"/api/v1/stops/invalid_id","statusCode":400,"durationMs":0,"ip":"::ffff:127.0.0.1","message":"GET /api/v1/stops/invalid_id 400 (0ms)"}
 ❯ tests/integration/time.test.ts (5 tests | 2 failed) 53ms
     ✓ should return current server time 33ms
     ✓ should return 400 for invalid stop id 5ms
     × should return ETDs for a valid stop 8ms
     ✓ should return 400 for invalid stop id 3ms
     × should return absolute arrival times for a valid stop 3ms
 ❯ tests/integration/stops.test.ts (5 tests | 3 failed) 50ms
     ✓ should require lat and lng 29ms
     × should handle limit=0 properly (not fallback to 10) 11ms
     × should handle missing limit by defaulting to 10 3ms
     × should return 404 for non-existent stop 3ms
     ✓ should return 400 for invalid stop id 2ms
{"level":30,"time":"2026-05-03T20:14:17.305Z","service":"transit-api-wrapper","env":"test","message":"[cacheDb] Connected to Redis"}
{"level":50,"time":"2026-05-03T20:14:17.305Z","service":"transit-api-wrapper","env":"test","reason":{},"promise":"[object Promise]","message":"[crash] Unhandled Rejection"}
{"level":30,"time":"2026-05-03T20:14:17.308Z","service":"transit-api-wrapper","env":"test","message":"[cacheDb] Connected to Redis"}
{"level":50,"time":"2026-05-03T20:14:17.308Z","service":"transit-api-wrapper","env":"test","reason":{},"promise":"[object Promise]","message":"[crash] Unhandled Rejection"}
{"level":30,"time":"2026-05-03T20:14:17.309Z","service":"transit-api-wrapper","env":"test","message":"[cacheDb] Connected to Redis"}
{"level":50,"time":"2026-05-03T20:14:17.309Z","service":"transit-api-wrapper","env":"test","reason":{},"promise":"[object Promise]","message":"[crash] Unhandled Rejection"}
{"level":30,"time":"2026-05-03T20:14:17.310Z","service":"transit-api-wrapper","env":"test","message":"[cacheDb] Connected to Redis"}
{"level":50,"time":"2026-05-03T20:14:17.311Z","service":"transit-api-wrapper","env":"test","reason":{},"promise":"[object Promise]","message":"[crash] Unhandled Rejection"}
{"level":30,"time":"2026-05-03T20:14:17.314Z","service":"transit-api-wrapper","env":"test","message":"[cacheDb] Connected to Redis"}
{"level":50,"time":"2026-05-03T20:14:17.315Z","service":"transit-api-wrapper","env":"test","reason":{},"promise":"[object Promise]","message":"[crash] Unhandled Rejection"}
 ✓ tests/middleware/rateLimiter.test.ts (3 tests) 208ms
 ✓ tests/utils/lineMapping.test.ts (17 tests) 9ms
{"level":40,"time":"2026-05-03T20:14:17.450Z","service":"transit-api-wrapper","env":"test","method":"POST","path":"/api/v1/compare/lines","statusCode":400,"durationMs":2,"ip":"::ffff:127.0.0.1","message":"POST /api/v1/compare/lines 400 (2ms)"}
{"level":40,"time":"2026-05-03T20:14:17.450Z","service":"transit-api-wrapper","env":"test","method":"GET","path":"/api/v1/lines/999/schedules","statusCode":404,"durationMs":4,"ip":"::ffff:127.0.0.1","message":"GET /api/v1/lines/999/schedules 404 (4ms)"}
 ✓ tests/middleware/validate.test.ts (3 tests) 9ms
{"level":40,"time":"2026-05-03T20:14:17.457Z","service":"transit-api-wrapper","env":"test","message":"[lineIndex] Cache miss in RAM and Redis. Performing cold start build..."}
{"level":30,"time":"2026-05-03T20:14:17.458Z","service":"transit-api-wrapper","env":"test","method":"GET","path":"/api/v1/lines/1/schedules","query":{"day":"weekday","direction":"forward"},"statusCode":200,"durationMs":0,"ip":"::ffff:127.0.0.1","message":"GET /api/v1/lines/1/schedules 200 (0ms)"}
{"level":30,"time":"2026-05-03T20:14:17.457Z","service":"transit-api-wrapper","env":"test","message":"[lineIndex] Building line catalog from Legacy API..."}
{"level":30,"time":"2026-05-03T20:14:17.467Z","service":"transit-api-wrapper","env":"test","method":"GET","path":"/api/v1/lines/1/schedules","query":{"limit":"1"},"statusCode":200,"durationMs":6,"ip":"::ffff:127.0.0.1","message":"GET /api/v1/lines/1/schedules 200 (6ms)"}
{"level":40,"time":"2026-05-03T20:14:17.471Z","service":"transit-api-wrapper","env":"test","method":"GET","path":"/api/v1/stops/abc/schedules","statusCode":400,"durationMs":1,"ip":"::ffff:127.0.0.1","message":"GET /api/v1/stops/abc/schedules 400 (1ms)"}
{"level":30,"time":"2026-05-03T20:14:17.473Z","service":"transit-api-wrapper","env":"test","method":"GET","path":"/api/v1/stops/1/schedules","statusCode":200,"durationMs":1,"ip":"::ffff:127.0.0.1","message":"GET /api/v1/stops/1/schedules 200 (1ms)"}
 ✓ tests/middleware/errorHandler.test.ts (4 tests) 9ms
{"level":30,"time":"2026-05-03T20:14:17.474Z","service":"transit-api-wrapper","env":"test","method":"GET","path":"/api/v1/fares","statusCode":200,"durationMs":5,"ip":"::ffff:127.0.0.1","message":"GET /api/v1/fares 200 (5ms)"}
 ✓ tests/integration/schedules.test.ts (5 tests) 40ms
{"level":30,"time":"2026-05-03T20:14:17.485Z","service":"transit-api-wrapper","env":"test","method":"GET","path":"/api/v1/fares/calculator","query":{"trips":"10","age":"30"},"statusCode":200,"durationMs":1,"ip":"::ffff:127.0.0.1","message":"GET /api/v1/fares/calculator 200 (1ms)"}
{"level":30,"time":"2026-05-03T20:14:17.489Z","service":"transit-api-wrapper","env":"test","method":"GET","path":"/api/v1/fares/calculator","query":{"trips":"100","age":"65"},"statusCode":200,"durationMs":1,"ip":"::ffff:127.0.0.1","message":"GET /api/v1/fares/calculator 200 (1ms)"}
 ✓ tests/integration/fares.test.ts (3 tests) 34ms
{"level":30,"time":"2026-05-03T20:14:17.493Z","service":"transit-api-wrapper","env":"test","message":"[cacheDb] Connected to Redis"}
{"level":50,"time":"2026-05-03T20:14:17.493Z","service":"transit-api-wrapper","env":"test","reason":{},"promise":"[object Promise]","message":"[crash] Unhandled Rejection"}
 ✓ tests/controllers/schedules.controller.test.ts (6 tests) 8ms
 ✓ tests/services/trip.service.test.ts (4 tests) 5ms
 ✓ tests/utils/ApiError.test.ts (4 tests) 5ms
 ✓ tests/services/lines.service.test.ts (10 tests) 7ms
 ✓ tests/utils/haversine.test.ts (6 tests) 3ms
{"level":30,"time":"2026-05-03T20:14:17.619Z","service":"transit-api-wrapper","env":"test","method":"GET","path":"/dx/info","statusCode":200,"durationMs":2,"ip":"::ffff:127.0.0.1","message":"GET /dx/info 200 (2ms)"}
 ✓ tests/integration/dx.test.ts (1 test) 12ms
 ✓ tests/controllers/arrivals.controller.test.ts (5 tests) 6ms
 ✓ tests/services/schedules.service.test.ts (9 tests) 6ms
{"level":30,"time":"2026-05-03T20:14:17.690Z","service":"transit-api-wrapper","env":"test","message":"[lineIndex] Discovered 15 active line(s): 1, 2, 11, 12, 13, 17, 18, LC, N1, N2, N3, E31, E1, E7, 7C1"}
{"level":30,"time":"2026-05-03T20:14:17.693Z","service":"transit-api-wrapper","env":"test","message":"[lineIndex] Discovered 15 active line(s): 1, 2, 11, 12, 13, 17, 18, LC, N1, N2, N3, E31, E1, E7, 7C1"}
{"level":30,"time":"2026-05-03T20:14:17.697Z","service":"transit-api-wrapper","env":"test","message":"[lineIndex] Discovered 15 active line(s): 1, 2, 11, 12, 13, 17, 18, LC, N1, N2, N3, E31, E1, E7, 7C1"}
{"level":30,"time":"2026-05-03T20:14:17.700Z","service":"transit-api-wrapper","env":"test","message":"[lineIndex] Discovered 15 active line(s): 1, 2, 11, 12, 13, 17, 18, LC, N1, N2, N3, E31, E1, E7, 7C1"}
{"level":30,"time":"2026-05-03T20:14:17.708Z","service":"transit-api-wrapper","env":"test","message":"[lineIndex] Discovered 15 active line(s): 1, 2, 11, 12, 13, 17, 18, LC, N1, N2, N3, E31, E1, E7, 7C1"}
{"level":30,"time":"2026-05-03T20:14:17.865Z","service":"transit-api-wrapper","env":"test","message":"[lineIndex] Discovered 15 active line(s): 1, 2, 11, 12, 13, 17, 18, LC, N1, N2, N3, E31, E1, E7, 7C1"}
{"level":30,"time":"2026-05-03T20:14:20.651Z","service":"transit-api-wrapper","env":"test","message":"[lineIndex] Catalog rebuilt: 15 lines."}
stdout | tests/integration/alerts.test.ts > GET /api/v1/lines/:line/status > should return status for a valid line
[transitGraph] Built graph with 313 nodes and 970 edges.

{"level":30,"time":"2026-05-03T20:14:20.655Z","service":"transit-api-wrapper","env":"test","message":"[lineIndex] Catalog rebuilt: 15 lines."}
stdout | tests/integration/lines.test.ts > GET /api/v1/lines > should return all lines
[transitGraph] Built graph with 313 nodes and 970 edges.

{"level":30,"time":"2026-05-03T20:14:20.659Z","service":"transit-api-wrapper","env":"test","message":"[lineIndex] Catalog rebuilt: 15 lines."}
{"level":30,"time":"2026-05-03T20:14:20.659Z","service":"transit-api-wrapper","env":"test","message":"[lineIndex] Catalog rebuilt: 15 lines."}
stdout | tests/integration/map.test.ts > GET /api/v1/map/lines > should return GeoJSON for lines
[transitGraph] Built graph with 313 nodes and 970 edges.

stdout | tests/integration/batch.test.ts > POST /api/v1/batch/lines > should return details for multiple lines
[transitGraph] Built graph with 313 nodes and 970 edges.

{"level":30,"time":"2026-05-03T20:14:20.666Z","service":"transit-api-wrapper","env":"test","message":"[lineIndex] Catalog rebuilt: 15 lines."}
stdout | tests/integration/trip.test.ts > GET /api/v1/trip > should return 404 if origin stop does not exist
[transitGraph] Built graph with 313 nodes and 970 edges.

{"level":30,"time":"2026-05-03T20:14:20.694Z","service":"transit-api-wrapper","env":"test","message":"[lineIndex] Persisted catalog and indices to Redis."}
stderr | tests/integration/alerts.test.ts > GET /api/v1/lines/:line/status > should return status for a valid line
[alerts] Error: Cannot find module '../utils/legacyParser'
Require stack:
- /home/pera/tus/transit-api-wrapper/src/routes/alerts.ts

{"level":30,"time":"2026-05-03T20:14:20.694Z","service":"transit-api-wrapper","env":"test","lines":15,"message":"[server] Line index ready"}
{"level":40,"time":"2026-05-03T20:14:20.695Z","service":"transit-api-wrapper","env":"test","err":{"type":"ReferenceError","message":"cacheDb is not defined","stack":"ReferenceError: cacheDb is not defined\n    at /home/pera/tus/transit-api-wrapper/src/sources/openData.ts:45:26\n    at fetchAllStops (/home/pera/tus/transit-api-wrapper/src/sources/openData.ts:85:4)\n    at Module.getStops (/home/pera/tus/transit-api-wrapper/src/sources/openData.ts:119:10)\n    at /home/pera/tus/transit-api-wrapper/src/index.ts:121:8\n    at processTicksAndRejections (node:internal/process/task_queues:104:5)"},"message":"[lineIndex] Could not load openData stops for coords cache"}
{"level":50,"time":"2026-05-03T20:14:20.696Z","service":"transit-api-wrapper","env":"test","method":"GET","path":"/api/v1/lines/1/status","statusCode":500,"durationMs":3426,"ip":"::ffff:127.0.0.1","message":"GET /api/v1/lines/1/status 500 (3426ms)"}
{"level":40,"time":"2026-05-03T20:14:20.702Z","service":"transit-api-wrapper","env":"test","method":"GET","path":"/api/v1/lines/999/status","statusCode":404,"durationMs":1,"ip":"::ffff:127.0.0.1","message":"GET /api/v1/lines/999/status 404 (1ms)"}
 ❯ tests/integration/alerts.test.ts (3 tests | 1 failed) 3457ms
     ✓ should return 200 and a list of alerts 21ms
     × should return status for a valid line 3434ms
     ✓ should return 404 for an invalid line 2ms
{"level":30,"time":"2026-05-03T20:14:20.703Z","service":"transit-api-wrapper","env":"test","message":"[lineIndex] Persisted catalog and indices to Redis."}
{"level":30,"time":"2026-05-03T20:14:20.703Z","service":"transit-api-wrapper","env":"test","message":"[lineIndex] Persisted catalog and indices to Redis."}
{"level":30,"time":"2026-05-03T20:14:20.703Z","service":"transit-api-wrapper","env":"test","lines":15,"message":"[server] Line index ready"}
{"level":40,"time":"2026-05-03T20:14:20.703Z","service":"transit-api-wrapper","env":"test","err":{"type":"ReferenceError","message":"cacheDb is not defined","stack":"ReferenceError: cacheDb is not defined\n    at /home/pera/tus/transit-api-wrapper/src/sources/openData.ts:45:26\n    at fetchAllStops (/home/pera/tus/transit-api-wrapper/src/sources/openData.ts:85:4)\n    at getStops (/home/pera/tus/transit-api-wrapper/src/sources/openData.ts:119:10)\n    at /home/pera/tus/transit-api-wrapper/src/routes/map.ts:12:25\n    at newFn (/home/pera/tus/transit-api-wrapper/node_modules/express-async-errors/index.js:16:20)\n    at Layer.handle [as handle_request] (/home/pera/tus/transit-api-wrapper/node_modules/express/lib/router/layer.js:95:5)\n    at next (/home/pera/tus/transit-api-wrapper/node_modules/express/lib/router/route.js:149:13)\n    at Route.dispatch (/home/pera/tus/transit-api-wrapper/node_modules/express/lib/router/route.js:119:3)\n    at newFn (/home/pera/tus/transit-api-wrapper/node_modules/express-async-errors/index.js:16:20)\n    at Layer.handle [as handle_request] (/home/pera/tus/transit-api-wrapper/node_modules/express/lib/router/layer.js:95:5)"},"message":"[lineIndex] Could not load openData stops for coords cache"}
{"level":50,"time":"2026-05-03T20:14:20.704Z","service":"transit-api-wrapper","env":"test","method":"GET","path":"/api/v1/map/lines","statusCode":500,"durationMs":3433,"ip":"::ffff:127.0.0.1","message":"GET /api/v1/map/lines 500 (3433ms)"}
{"level":30,"time":"2026-05-03T20:14:20.705Z","service":"transit-api-wrapper","env":"test","message":"[lineIndex] Persisted catalog and indices to Redis."}
{"level":30,"time":"2026-05-03T20:14:20.703Z","service":"transit-api-wrapper","env":"test","lines":15,"message":"[server] Line index ready"}
{"level":40,"time":"2026-05-03T20:14:20.704Z","service":"transit-api-wrapper","env":"test","err":{"type":"ReferenceError","message":"cacheDb is not defined","stack":"ReferenceError: cacheDb is not defined\n    at /home/pera/tus/transit-api-wrapper/src/sources/openData.ts:45:26\n    at fetchAllStops (/home/pera/tus/transit-api-wrapper/src/sources/openData.ts:85:4)\n    at Module.getStops (/home/pera/tus/transit-api-wrapper/src/sources/openData.ts:119:10)\n    at /home/pera/tus/transit-api-wrapper/src/index.ts:121:8\n    at processTicksAndRejections (node:internal/process/task_queues:104:5)"},"message":"[lineIndex] Could not load openData stops for coords cache"}
{"level":30,"time":"2026-05-03T20:14:20.705Z","service":"transit-api-wrapper","env":"test","method":"GET","path":"/api/v1/lines","statusCode":200,"durationMs":3446,"ip":"::ffff:127.0.0.1","message":"GET /api/v1/lines 200 (3446ms)"}
{"level":30,"time":"2026-05-03T20:14:20.705Z","service":"transit-api-wrapper","env":"test","lines":15,"message":"[server] Line index ready"}
{"level":40,"time":"2026-05-03T20:14:20.706Z","service":"transit-api-wrapper","env":"test","err":{"type":"ReferenceError","message":"cacheDb is not defined","stack":"ReferenceError: cacheDb is not defined\n    at /home/pera/tus/transit-api-wrapper/src/sources/openData.ts:45:26\n    at fetchAllStops (/home/pera/tus/transit-api-wrapper/src/sources/openData.ts:85:4)\n    at Module.getStopById (/home/pera/tus/transit-api-wrapper/src/sources/openData.ts:123:23)\n    at resolveStop (/home/pera/tus/transit-api-wrapper/src/utils/helpers.ts:35:29)\n    at Array.<anonymous> (/home/pera/tus/transit-api-wrapper/src/routes/batch.ts:54:32)\n    at worker (/home/pera/tus/transit-api-wrapper/src/routes/batch.ts:21:34)\n    at /home/pera/tus/transit-api-wrapper/src/routes/batch.ts:29:79\n    at Array.from (<anonymous>)\n    at withConcurrency (/home/pera/tus/transit-api-wrapper/src/routes/batch.ts:29:25)\n    at /home/pera/tus/transit-api-wrapper/src/routes/batch.ts:101:27"},"message":"[lineIndex] Could not load openData stops for coords cache"}
{"level":30,"time":"2026-05-03T20:14:20.707Z","service":"transit-api-wrapper","env":"test","method":"POST","path":"/api/v1/batch/lines","statusCode":200,"durationMs":3425,"ip":"::ffff:127.0.0.1","message":"POST /api/v1/batch/lines 200 (3425ms)"}
{"level":50,"time":"2026-05-03T20:14:20.708Z","service":"transit-api-wrapper","env":"test","method":"GET","path":"/api/v1/map/lines/1","statusCode":500,"durationMs":1,"ip":"::ffff:127.0.0.1","message":"GET /api/v1/map/lines/1 500 (1ms)"}
 ❯ tests/integration/batch.test.ts (4 tests | 1 failed) 3464ms
     ✓ should require a stops array 23ms
     ✓ should return arrivals for multiple stops 4ms
     × should return details for multiple stops 7ms
     ✓ should return details for multiple lines  3428ms
{"level":40,"time":"2026-05-03T20:14:20.709Z","service":"transit-api-wrapper","env":"test","method":"GET","path":"/api/v1/map/lines/999","statusCode":404,"durationMs":0,"ip":"::ffff:127.0.0.1","message":"GET /api/v1/map/lines/999 404 (0ms)"}
{"level":50,"time":"2026-05-03T20:14:20.710Z","service":"transit-api-wrapper","env":"test","message":"[lines] Error:"}
{"level":50,"time":"2026-05-03T20:14:20.710Z","service":"transit-api-wrapper","env":"test","method":"GET","path":"/api/v1/lines/999","statusCode":500,"durationMs":1,"ip":"::ffff:127.0.0.1","message":"GET /api/v1/lines/999 500 (1ms)"}
 ❯ tests/integration/map.test.ts (4 tests | 3 failed) 3464ms
     × should return GeoJSON for stops 22ms
     × should return GeoJSON for lines 3436ms
     × should return GeoJSON for a specific line 3ms
     ✓ should return 404 for an invalid line 1ms
{"level":30,"time":"2026-05-03T20:14:20.713Z","service":"transit-api-wrapper","env":"test","message":"[lineIndex] Persisted catalog and indices to Redis."}
{"level":30,"time":"2026-05-03T20:14:20.714Z","service":"transit-api-wrapper","env":"test","lines":15,"message":"[server] Line index ready"}
{"level":50,"time":"2026-05-03T20:14:20.714Z","service":"transit-api-wrapper","env":"test","err":{"type":"ReferenceError","message":"cacheDb is not defined","stack":"ReferenceError: cacheDb is not defined\n    at /home/pera/tus/transit-api-wrapper/src/sources/openData.ts:45:26\n    at fetchAllStops (/home/pera/tus/transit-api-wrapper/src/sources/openData.ts:85:4)\n    at Module.getStops (/home/pera/tus/transit-api-wrapper/src/sources/openData.ts:119:10)\n    at /home/pera/tus/transit-api-wrapper/src/index.ts:121:8\n    at processTicksAndRejections (node:internal/process/task_queues:104:5)"},"path":"/api/v1/trip","method":"GET","message":"[error] Unhandled Express error"}
{"level":40,"time":"2026-05-03T20:14:20.715Z","service":"transit-api-wrapper","env":"test","err":{"type":"ReferenceError","message":"cacheDb is not defined","stack":"ReferenceError: cacheDb is not defined\n    at /home/pera/tus/transit-api-wrapper/src/sources/openData.ts:45:26\n    at fetchAllStops (/home/pera/tus/transit-api-wrapper/src/sources/openData.ts:85:4)\n    at Module.getStops (/home/pera/tus/transit-api-wrapper/src/sources/openData.ts:119:10)\n    at /home/pera/tus/transit-api-wrapper/src/index.ts:121:8\n    at processTicksAndRejections (node:internal/process/task_queues:104:5)"},"message":"[lineIndex] Could not load openData stops for coords cache"}
{"level":50,"time":"2026-05-03T20:14:20.715Z","service":"transit-api-wrapper","env":"test","method":"GET","path":"/api/v1/trip","query":{"from":"999999","to":"10"},"statusCode":500,"durationMs":3432,"ip":"::ffff:127.0.0.1","message":"GET /api/v1/trip 500 (3432ms)"}
{"level":50,"time":"2026-05-03T20:14:20.715Z","service":"transit-api-wrapper","env":"test","message":"[lines] Error:"}
{"level":50,"time":"2026-05-03T20:14:20.715Z","service":"transit-api-wrapper","env":"test","method":"GET","path":"/api/v1/lines/1","statusCode":500,"durationMs":0,"ip":"::ffff:127.0.0.1","message":"GET /api/v1/lines/1 500 (0ms)"}
{"level":30,"time":"2026-05-03T20:14:20.717Z","service":"transit-api-wrapper","env":"test","method":"GET","path":"/api/v1/lines/1/stops","statusCode":200,"durationMs":0,"ip":"::ffff:127.0.0.1","message":"GET /api/v1/lines/1/stops 200 (0ms)"}
{"level":50,"time":"2026-05-03T20:14:20.719Z","service":"transit-api-wrapper","env":"test","message":"[lines] Error:"}
{"level":50,"time":"2026-05-03T20:14:20.720Z","service":"transit-api-wrapper","env":"test","method":"GET","path":"/api/v1/lines/1/route","query":{"direction":"all"},"statusCode":500,"durationMs":0,"ip":"::ffff:127.0.0.1","message":"GET /api/v1/lines/1/route 500 (0ms)"}
{"level":50,"time":"2026-05-03T20:14:20.720Z","service":"transit-api-wrapper","env":"test","err":{"type":"ReferenceError","message":"cacheDb is not defined","stack":"ReferenceError: cacheDb is not defined\n    at /home/pera/tus/transit-api-wrapper/src/sources/openData.ts:45:26\n    at fetchAllStops (/home/pera/tus/transit-api-wrapper/src/sources/openData.ts:85:4)\n    at Module.getStops (/home/pera/tus/transit-api-wrapper/src/sources/openData.ts:119:10)\n    at /home/pera/tus/transit-api-wrapper/src/index.ts:121:8\n    at processTicksAndRejections (node:internal/process/task_queues:104:5)"},"path":"/api/v1/trip","method":"GET","message":"[error] Unhandled Express error"}
{"level":50,"time":"2026-05-03T20:14:20.720Z","service":"transit-api-wrapper","env":"test","method":"GET","path":"/api/v1/trip","query":{"from":"1","to":"10"},"statusCode":500,"durationMs":1,"ip":"::ffff:127.0.0.1","message":"GET /api/v1/trip 500 (1ms)"}
{"level":30,"time":"2026-05-03T20:14:20.721Z","service":"transit-api-wrapper","env":"test","method":"GET","path":"/api/v1/lines/1/intersect/2","statusCode":200,"durationMs":0,"ip":"::ffff:127.0.0.1","message":"GET /api/v1/lines/1/intersect/2 200 (0ms)"}
{"level":40,"time":"2026-05-03T20:14:20.722Z","service":"transit-api-wrapper","env":"test","method":"GET","path":"/api/v1/stops/abc/connections","statusCode":400,"durationMs":1,"ip":"::ffff:127.0.0.1","message":"GET /api/v1/stops/abc/connections 400 (1ms)"}
{"level":40,"time":"2026-05-03T20:14:20.723Z","service":"transit-api-wrapper","env":"test","method":"GET","path":"/api/v1/lines/1/intersect/999","statusCode":404,"durationMs":1,"ip":"::ffff:127.0.0.1","message":"GET /api/v1/lines/1/intersect/999 404 (1ms)"}
 ❯ tests/integration/lines.test.ts (7 tests | 3 failed) 3477ms
     ✓ should return all lines  3461ms
     × should return 404 for non-existent line 6ms
     × should return line details for valid line 2ms
     ✓ should return stops for valid line 1ms
     × should return route coordinates/stops in directions 2ms
     ✓ should return intersection of two valid lines 2ms
     ✓ should return 404 if a line does not exist 1ms
{"level":50,"time":"2026-05-03T20:14:20.723Z","service":"transit-api-wrapper","env":"test","err":{"type":"ReferenceError","message":"buildLineIndex is not defined","stack":"ReferenceError: buildLineIndex is not defined\n    at getConnections (/home/pera/tus/transit-api-wrapper/src/controllers/trip.controller.ts:44:3)\n    at newFn (/home/pera/tus/transit-api-wrapper/node_modules/express-async-errors/index.js:16:20)\n    at Layer.handle [as handle_request] (/home/pera/tus/transit-api-wrapper/node_modules/express/lib/router/layer.js:95:5)\n    at next (/home/pera/tus/transit-api-wrapper/node_modules/express/lib/router/route.js:149:13)\n    at /home/pera/tus/transit-api-wrapper/src/middleware/validate.ts:18:7\n    at processTicksAndRejections (node:internal/process/task_queues:104:5)"},"path":"/api/v1/stops/999999/connections","method":"GET","message":"[error] Unhandled Express error"}
{"level":50,"time":"2026-05-03T20:14:20.724Z","service":"transit-api-wrapper","env":"test","method":"GET","path":"/api/v1/stops/999999/connections","statusCode":500,"durationMs":1,"ip":"::ffff:127.0.0.1","message":"GET /api/v1/stops/999999/connections 500 (1ms)"}
{"level":50,"time":"2026-05-03T20:14:20.725Z","service":"transit-api-wrapper","env":"test","err":{"type":"ReferenceError","message":"buildLineIndex is not defined","stack":"ReferenceError: buildLineIndex is not defined\n    at getConnections (/home/pera/tus/transit-api-wrapper/src/controllers/trip.controller.ts:44:3)\n    at newFn (/home/pera/tus/transit-api-wrapper/node_modules/express-async-errors/index.js:16:20)\n    at Layer.handle [as handle_request] (/home/pera/tus/transit-api-wrapper/node_modules/express/lib/router/layer.js:95:5)\n    at next (/home/pera/tus/transit-api-wrapper/node_modules/express/lib/router/route.js:149:13)\n    at /home/pera/tus/transit-api-wrapper/src/middleware/validate.ts:18:7\n    at processTicksAndRejections (node:internal/process/task_queues:104:5)"},"path":"/api/v1/stops/1/connections","method":"GET","message":"[error] Unhandled Express error"}
{"level":50,"time":"2026-05-03T20:14:20.725Z","service":"transit-api-wrapper","env":"test","method":"GET","path":"/api/v1/stops/1/connections","statusCode":500,"durationMs":0,"ip":"::ffff:127.0.0.1","message":"GET /api/v1/stops/1/connections 500 (0ms)"}
 ❯ tests/integration/trip.test.ts (7 tests | 4 failed) 3479ms
     ✓ should return 400 if from/to are not numbers 26ms
     ✓ should return 200 with no options if stops are the same 6ms
     × should return 404 if origin stop does not exist 3438ms
     × should return options for valid trip 2ms
     ✓ should return 400 for invalid stop id 2ms
     × should return 404 if stop does not exist 2ms
     × should return reachable stops for valid stop 2ms
{"level":30,"time":"2026-05-03T20:14:20.825Z","service":"transit-api-wrapper","env":"test","message":"[lineIndex] Catalog rebuilt: 15 lines."}
stdout | tests/integration/compare.test.ts > POST /api/v1/compare/lines > should return comparison for multiple lines
[transitGraph] Built graph with 313 nodes and 970 edges.

{"level":30,"time":"2026-05-03T20:14:20.866Z","service":"transit-api-wrapper","env":"test","message":"[lineIndex] Persisted catalog and indices to Redis."}
{"level":30,"time":"2026-05-03T20:14:20.866Z","service":"transit-api-wrapper","env":"test","lines":15,"message":"[server] Line index ready"}
{"level":40,"time":"2026-05-03T20:14:20.866Z","service":"transit-api-wrapper","env":"test","err":{"type":"ReferenceError","message":"cacheDb is not defined","stack":"ReferenceError: cacheDb is not defined\n    at /home/pera/tus/transit-api-wrapper/src/sources/openData.ts:45:26\n    at fetchAllStops (/home/pera/tus/transit-api-wrapper/src/sources/openData.ts:85:4)\n    at Module.getStops (/home/pera/tus/transit-api-wrapper/src/sources/openData.ts:119:10)\n    at /home/pera/tus/transit-api-wrapper/src/index.ts:121:8\n    at processTicksAndRejections (node:internal/process/task_queues:104:5)"},"message":"[lineIndex] Could not load openData stops for coords cache"}
{"level":30,"time":"2026-05-03T20:14:20.867Z","service":"transit-api-wrapper","env":"test","method":"POST","path":"/api/v1/compare/lines","statusCode":200,"durationMs":3411,"ip":"::ffff:127.0.0.1","message":"POST /api/v1/compare/lines 200 (3411ms)"}
 ✓ tests/integration/compare.test.ts (2 tests) 3437ms
     ✓ should return comparison for multiple lines  3414ms

⎯⎯⎯⎯⎯⎯ Failed Tests 33 ⎯⎯⎯⎯⎯⎯⎯

 FAIL  tests/controllers/lines.controller.test.ts > controllers/lines.controller > getLineDetail > should return 404 if line not found
TypeError: Cannot read properties of undefined (reading 'mockResolvedValue')
 ❯ tests/controllers/lines.controller.test.ts:55:44
     53|     it('should return 404 if line not found', async () => {
     54|       mockReq = { params: { line: '99' } };
     55|       vi.mocked(linesService.getLineDetail).mockResolvedValue(null);
       |                                            ^
     56|
     57|       await linesController.getLineDetail(mockReq as Request, mockRes …

⎯⎯⎯⎯⎯⎯⎯⎯⎯⎯⎯⎯⎯⎯⎯⎯⎯⎯⎯⎯⎯⎯⎯[1/33]⎯

 FAIL  tests/controllers/lines.controller.test.ts > controllers/lines.controller > getLineDetail > should return line details if found
TypeError: Cannot read properties of undefined (reading 'mockResolvedValue')
 ❯ tests/controllers/lines.controller.test.ts:65:44
     63|     it('should return line details if found', async () => {
     64|       mockReq = { params: { line: '1' } };
     65|       vi.mocked(linesService.getLineDetail).mockResolvedValue({ id: '1…
       |                                            ^
     66|
     67|       await linesController.getLineDetail(mockReq as Request, mockRes …

⎯⎯⎯⎯⎯⎯⎯⎯⎯⎯⎯⎯⎯⎯⎯⎯⎯⎯⎯⎯⎯⎯⎯[2/33]⎯

 FAIL  tests/controllers/stops.controller.test.ts > controllers/stops.controller > getStopDetail > should return stop detail if found
TypeError: getStopDetails is not a function
 ❯ Module.getStopDetail src/controllers/stops.controller.ts:33:38
     31|   const stopId = req.params.stop as unknown as number;
     32|
     33|   const details = await stopsService.getStopDetails(stopId);
       |                                      ^
     34|   if (!details) {
     35|     throw new ApiError(404, 'STOP_NOT_FOUND', `La parada ${stopId} no …
 ❯ tests/controllers/stops.controller.test.ts:93:29

⎯⎯⎯⎯⎯⎯⎯⎯⎯⎯⎯⎯⎯⎯⎯⎯⎯⎯⎯⎯⎯⎯⎯[3/33]⎯

 FAIL  tests/controllers/stops.controller.test.ts > controllers/stops.controller > getStopDetail > should throw ApiError(404) if not found
AssertionError: expected error to be instance of ApiError

- Expected:
[Function ApiError]

+ Received:
TypeError {
  "message": "__vite_ssr_import_1__.getStopDetails is not a function",
}

 ❯ tests/controllers/stops.controller.test.ts:103:91
    101|       vi.mocked(stopsService.getStop).mockResolvedValue(null);
    102|
    103|       await expect(stopsController.getStopDetail(mockReq as Request, m…
       |                                                                                           ^
    104|         .rejects.toThrow(ApiError);
    105|

⎯⎯⎯⎯⎯⎯⎯⎯⎯⎯⎯⎯⎯⎯⎯⎯⎯⎯⎯⎯⎯⎯⎯[4/33]⎯

 FAIL  tests/controllers/trip.controller.test.ts > controllers/trip.controller > planTrip > should return immediate response if origin and destination are the same
 FAIL  tests/controllers/trip.controller.test.ts > controllers/trip.controller > planTrip > should throw 404 if origin stop not found
 FAIL  tests/controllers/trip.controller.test.ts > controllers/trip.controller > planTrip > should throw 404 if destination stop not found
 FAIL  tests/controllers/trip.controller.test.ts > controllers/trip.controller > planTrip > should return empty options if no route found
 FAIL  tests/controllers/trip.controller.test.ts > controllers/trip.controller > planTrip > should return sliced top options with correct summary
 FAIL  tests/controllers/trip.controller.test.ts > controllers/trip.controller > getConnections > should throw 404 if origin stop not found
 FAIL  tests/controllers/trip.controller.test.ts > controllers/trip.controller > getConnections > should return reachable stops
TypeError: Cannot read properties of undefined (reading 'mockResolvedValue')
 ❯ tests/controllers/trip.controller.test.ts:25:40
     23|     mockRes = { json: resJson, status: resStatus };
     24|
     25|     vi.mocked(lineIndex.buildLineIndex).mockResolvedValue(undefined);
       |                                        ^
     26|   });
     27|

⎯⎯⎯⎯⎯⎯⎯⎯⎯⎯⎯⎯⎯⎯⎯⎯⎯⎯⎯⎯⎯⎯⎯[5/33]⎯

 FAIL  tests/integration/alerts.test.ts > GET /api/v1/lines/:line/status > should return status for a valid line
AssertionError: expected 500 to be 200 // Object.is equality

- Expected
+ Received

- 200
+ 500

 ❯ tests/integration/alerts.test.ts:24:24
     22|     ] as any);
     23|     const res = await request(app).get('/api/v1/lines/1/status');
     24|     expect(res.status).toBe(200);
       |                        ^
     25|     expect(res.body.line).toBe('1');
     26|     expect(res.body.active).toBeDefined();

⎯⎯⎯⎯⎯⎯⎯⎯⎯⎯⎯⎯⎯⎯⎯⎯⎯⎯⎯⎯⎯⎯⎯[6/33]⎯

 FAIL  tests/integration/arrivals.test.ts > GET /api/v1/stops/:stop/arrivals > should return 404 if stop does not exist
AssertionError: expected 500 to be 404 // Object.is equality

- Expected
+ Received

- 404
+ 500

 ❯ tests/integration/arrivals.test.ts:15:24
     13|   it('should return 404 if stop does not exist', async () => {
     14|     const res = await request(app).get('/api/v1/stops/999999/arrivals'…
     15|     expect(res.status).toBe(404);
       |                        ^
     16|     expect(res.body.error.code).toBe('STOP_NOT_FOUND');
     17|   });

⎯⎯⎯⎯⎯⎯⎯⎯⎯⎯⎯⎯⎯⎯⎯⎯⎯⎯⎯⎯⎯⎯⎯[7/33]⎯

 FAIL  tests/integration/arrivals.test.ts > GET /api/v1/stops/:stop/arrivals > should return arrivals with mocked external service
AssertionError: expected 500 to be 200 // Object.is equality

- Expected
+ Received

- 200
+ 500

 ❯ tests/integration/arrivals.test.ts:28:24
     26|
     27|     const res = await request(app).get('/api/v1/stops/1/arrivals?refre…
     28|     expect(res.status).toBe(200);
       |                        ^
     29|     expect(res.body.stop.stopId).toBe(1);
     30|     expect(res.body.arrivals).toHaveLength(1);

⎯⎯⎯⎯⎯⎯⎯⎯⎯⎯⎯⎯⎯⎯⎯⎯⎯⎯⎯⎯⎯⎯⎯[8/33]⎯

 FAIL  tests/integration/batch.test.ts > POST /api/v1/batch/stops > should return details for multiple stops
AssertionError: expected 500 to be 200 // Object.is equality

- Expected
+ Received

- 200
+ 500

 ❯ tests/integration/batch.test.ts:21:24
     19|   it('should return details for multiple stops', async () => {
     20|     const res = await request(app).post('/api/v1/batch/stops').send({ …
     21|     expect(res.status).toBe(200);
       |                        ^
     22|     expect(res.body.results).toBeInstanceOf(Array);
     23|   });

⎯⎯⎯⎯⎯⎯⎯⎯⎯⎯⎯⎯⎯⎯⎯⎯⎯⎯⎯⎯⎯⎯⎯[9/33]⎯

 FAIL  tests/integration/discover.test.ts > GET /api/v1/discover > should return API discovery document
AssertionError: expected 500 to be 200 // Object.is equality

- Expected
+ Received

- 200
+ 500

 ❯ tests/integration/discover.test.ts:8:24
      6|   it('should return API discovery document', async () => {
      7|     const res = await request(app).get('/api/v1/discover');
      8|     expect(res.status).toBe(200);
       |                        ^
      9|     expect(res.body.app.name).toBe('SANTANDER TUS API');
     10|     expect(res.body.app.version).toBeDefined();

⎯⎯⎯⎯⎯⎯⎯⎯⎯⎯⎯⎯⎯⎯⎯⎯⎯⎯⎯⎯⎯⎯[10/33]⎯

 FAIL  tests/integration/health.test.ts > GET /api/v1/health > should return 200 or 503 depending on source status
AssertionError: expected [ 200, 503 ] to include 500
 ❯ tests/integration/health.test.ts:11:24
      9|
     10|     // As we haven't mocked upstream APIs, it could be either 200 (ok)…
     11|     expect([200, 503]).toContain(res.status);
       |                        ^
     12|
     13|     // But the body should always match the schema

⎯⎯⎯⎯⎯⎯⎯⎯⎯⎯⎯⎯⎯⎯⎯⎯⎯⎯⎯⎯⎯⎯[11/33]⎯

 FAIL  tests/integration/lines.test.ts > GET /api/v1/lines/:line > should return 404 for non-existent line
AssertionError: expected 500 to be 404 // Object.is equality

- Expected
+ Received

- 404
+ 500

 ❯ tests/integration/lines.test.ts:17:24
     15|   it('should return 404 for non-existent line', async () => {
     16|     const res = await request(app).get('/api/v1/lines/999');
     17|     expect(res.status).toBe(404);
       |                        ^
     18|     expect(res.body.error).toBe('line_not_found');
     19|   });

⎯⎯⎯⎯⎯⎯⎯⎯⎯⎯⎯⎯⎯⎯⎯⎯⎯⎯⎯⎯⎯⎯[12/33]⎯

 FAIL  tests/integration/lines.test.ts > GET /api/v1/lines/:line > should return line details for valid line
AssertionError: expected 500 to be 200 // Object.is equality

- Expected
+ Received

- 200
+ 500

 ❯ tests/integration/lines.test.ts:23:24
     21|   it('should return line details for valid line', async () => {
     22|     const res = await request(app).get('/api/v1/lines/1');
     23|     expect(res.status).toBe(200);
       |                        ^
     24|     expect(res.body.id).toBe('1');
     25|     expect(res.body.destinations).toBeDefined();

⎯⎯⎯⎯⎯⎯⎯⎯⎯⎯⎯⎯⎯⎯⎯⎯⎯⎯⎯⎯⎯⎯[13/33]⎯

 FAIL  tests/integration/lines.test.ts > GET /api/v1/lines/:line/route > should return route coordinates/stops in directions
AssertionError: expected 500 to be 200 // Object.is equality

- Expected
+ Received

- 200
+ 500

 ❯ tests/integration/lines.test.ts:41:24
     39|   it('should return route coordinates/stops in directions', async () =…
     40|     const res = await request(app).get('/api/v1/lines/1/route?directio…
     41|     expect(res.status).toBe(200);
       |                        ^
     42|     expect(res.body.line).toBe('1');
     43|     expect(res.body.directions).toBeInstanceOf(Array);

⎯⎯⎯⎯⎯⎯⎯⎯⎯⎯⎯⎯⎯⎯⎯⎯⎯⎯⎯⎯⎯⎯[14/33]⎯

 FAIL  tests/integration/map.test.ts > GET /api/v1/map/stops > should return GeoJSON for stops
AssertionError: expected 500 to be 200 // Object.is equality

- Expected
+ Received

- 200
+ 500

 ❯ tests/integration/map.test.ts:8:24
      6|   it('should return GeoJSON for stops', async () => {
      7|     const res = await request(app).get('/api/v1/map/stops');
      8|     expect(res.status).toBe(200);
       |                        ^
      9|     // Might return empty if openData fails, but the API endpoint shou…
     10|   });

⎯⎯⎯⎯⎯⎯⎯⎯⎯⎯⎯⎯⎯⎯⎯⎯⎯⎯⎯⎯⎯⎯[15/33]⎯

 FAIL  tests/integration/map.test.ts > GET /api/v1/map/lines > should return GeoJSON for lines
AssertionError: expected 500 to be 200 // Object.is equality

- Expected
+ Received

- 200
+ 500

 ❯ tests/integration/map.test.ts:16:24
     14|   it('should return GeoJSON for lines', async () => {
     15|     const res = await request(app).get('/api/v1/map/lines');
     16|     expect(res.status).toBe(200);
       |                        ^
     17|   });
     18| });

⎯⎯⎯⎯⎯⎯⎯⎯⎯⎯⎯⎯⎯⎯⎯⎯⎯⎯⎯⎯⎯⎯[16/33]⎯

 FAIL  tests/integration/map.test.ts > GET /api/v1/map/lines/:line > should return GeoJSON for a specific line
AssertionError: expected 500 to be 200 // Object.is equality

- Expected
+ Received

- 200
+ 500

 ❯ tests/integration/map.test.ts:23:24
     21|   it('should return GeoJSON for a specific line', async () => {
     22|     const res = await request(app).get('/api/v1/map/lines/1');
     23|     expect(res.status).toBe(200);
       |                        ^
     24|   });
     25|

⎯⎯⎯⎯⎯⎯⎯⎯⎯⎯⎯⎯⎯⎯⎯⎯⎯⎯⎯⎯⎯⎯[17/33]⎯

 FAIL  tests/integration/stops.test.ts > GET /api/v1/stops/nearby > should handle limit=0 properly (not fallback to 10)
AssertionError: expected 500 to be 200 // Object.is equality

- Expected
+ Received

- 200
+ 500

 ❯ tests/integration/stops.test.ts:15:24
     13|     // Valid lat/lng in Santander
     14|     const res = await request(app).get('/api/v1/stops/nearby?lat=43.46…
     15|     expect(res.status).toBe(200);
       |                        ^
     16|     // Since limit=0, it should return 0 results
     17|     expect(res.body.results).toHaveLength(0);

⎯⎯⎯⎯⎯⎯⎯⎯⎯⎯⎯⎯⎯⎯⎯⎯⎯⎯⎯⎯⎯⎯[18/33]⎯

 FAIL  tests/integration/stops.test.ts > GET /api/v1/stops/nearby > should handle missing limit by defaulting to 10
AssertionError: expected 500 to be 200 // Object.is equality

- Expected
+ Received

- 200
+ 500

 ❯ tests/integration/stops.test.ts:23:24
     21|   it('should handle missing limit by defaulting to 10', async () => {
     22|     const res = await request(app).get('/api/v1/stops/nearby?lat=43.46…
     23|     expect(res.status).toBe(200);
       |                        ^
     24|     // Since limit is omitted, it should return max 10
     25|     expect(res.body.results.length).toBeLessThanOrEqual(10);

⎯⎯⎯⎯⎯⎯⎯⎯⎯⎯⎯⎯⎯⎯⎯⎯⎯⎯⎯⎯⎯⎯[19/33]⎯

 FAIL  tests/integration/stops.test.ts > GET /api/v1/stops/:stop > should return 404 for non-existent stop
AssertionError: expected 500 to be 404 // Object.is equality

- Expected
+ Received

- 404
+ 500

 ❯ tests/integration/stops.test.ts:32:24
     30|   it('should return 404 for non-existent stop', async () => {
     31|     const res = await request(app).get('/api/v1/stops/999999');
     32|     expect(res.status).toBe(404);
       |                        ^
     33|     expect(res.body.error.code).toBe('STOP_NOT_FOUND');
     34|   }, 10000);

⎯⎯⎯⎯⎯⎯⎯⎯⎯⎯⎯⎯⎯⎯⎯⎯⎯⎯⎯⎯⎯⎯[20/33]⎯

 FAIL  tests/integration/time.test.ts > GET /api/v1/stops/:stop/etd > should return ETDs for a valid stop
AssertionError: expected 500 to be 200 // Object.is equality

- Expected
+ Received

- 200
+ 500

 ❯ tests/integration/time.test.ts:22:24
     20|   it('should return ETDs for a valid stop', async () => {
     21|     const res = await request(app).get('/api/v1/stops/1/etd');
     22|     expect(res.status).toBe(200);
       |                        ^
     23|     expect(res.body.stop.stopId).toBe(1);
     24|     expect(res.body.arrivals).toBeInstanceOf(Array);

⎯⎯⎯⎯⎯⎯⎯⎯⎯⎯⎯⎯⎯⎯⎯⎯⎯⎯⎯⎯⎯⎯[21/33]⎯

 FAIL  tests/integration/time.test.ts > GET /api/v1/stops/:stop/arrivals/absolute > should return absolute arrival times for a valid stop
AssertionError: expected 500 to be 200 // Object.is equality

- Expected
+ Received

- 200
+ 500

 ❯ tests/integration/time.test.ts:36:24
     34|   it('should return absolute arrival times for a valid stop', async ()…
     35|     const res = await request(app).get('/api/v1/stops/1/arrivals/absol…
     36|     expect(res.status).toBe(200);
       |                        ^
     37|     expect(res.body.stop.stopId).toBe(1);
     38|     expect(res.body.arrivals).toBeInstanceOf(Array);

⎯⎯⎯⎯⎯⎯⎯⎯⎯⎯⎯⎯⎯⎯⎯⎯⎯⎯⎯⎯⎯⎯[22/33]⎯

 FAIL  tests/integration/trip.test.ts > GET /api/v1/trip > should return 404 if origin stop does not exist
AssertionError: expected 500 to be 404 // Object.is equality

- Expected
+ Received

- 404
+ 500

 ❯ tests/integration/trip.test.ts:21:24
     19|   it('should return 404 if origin stop does not exist', async () => {
     20|     const res = await request(app).get('/api/v1/trip?from=999999&to=10…
     21|     expect(res.status).toBe(404);
       |                        ^
     22|     expect(res.body.error.code).toBe('STOP_NOT_FOUND');
     23|   });

⎯⎯⎯⎯⎯⎯⎯⎯⎯⎯⎯⎯⎯⎯⎯⎯⎯⎯⎯⎯⎯⎯[23/33]⎯

 FAIL  tests/integration/trip.test.ts > GET /api/v1/trip > should return options for valid trip
AssertionError: expected 500 to be 200 // Object.is equality

- Expected
+ Received

- 200
+ 500

 ❯ tests/integration/trip.test.ts:28:24
     26|     // Stops 1 (PCTCAN) and 10 (Ayuntamiento) should have routes (prob…
     27|     const res = await request(app).get('/api/v1/trip?from=1&to=10');
     28|     expect(res.status).toBe(200);
       |                        ^
     29|     expect(res.body.from.stopId).toBe(1);
     30|     expect(res.body.to.stopId).toBe(10);

⎯⎯⎯⎯⎯⎯⎯⎯⎯⎯⎯⎯⎯⎯⎯⎯⎯⎯⎯⎯⎯⎯[24/33]⎯

 FAIL  tests/integration/trip.test.ts > GET /api/v1/stops/:stop/connections > should return 404 if stop does not exist
AssertionError: expected 500 to be 404 // Object.is equality

- Expected
+ Received

- 404
+ 500

 ❯ tests/integration/trip.test.ts:44:24
     42|   it('should return 404 if stop does not exist', async () => {
     43|     const res = await request(app).get('/api/v1/stops/999999/connectio…
     44|     expect(res.status).toBe(404);
       |                        ^
     45|     expect(res.body.error.code).toBe('STOP_NOT_FOUND');
     46|   });

⎯⎯⎯⎯⎯⎯⎯⎯⎯⎯⎯⎯⎯⎯⎯⎯⎯⎯⎯⎯⎯⎯[25/33]⎯

 FAIL  tests/integration/trip.test.ts > GET /api/v1/stops/:stop/connections > should return reachable stops for valid stop
AssertionError: expected 500 to be 200 // Object.is equality

- Expected
+ Received

- 200
+ 500

 ❯ tests/integration/trip.test.ts:50:24
     48|   it('should return reachable stops for valid stop', async () => {
     49|     const res = await request(app).get('/api/v1/stops/1/connections');
     50|     expect(res.status).toBe(200);
       |                        ^
     51|     expect(res.body.stop.stopId).toBe(1);
     52|     expect(res.body.reachable_stops).toBeInstanceOf(Array);

⎯⎯⎯⎯⎯⎯⎯⎯⎯⎯⎯⎯⎯⎯⎯⎯⎯⎯⎯⎯⎯⎯[26/33]⎯

 FAIL  tests/services/arrivals.service.test.ts > services/arrivals.service > fetchSmartArrivals > should handle arrivals with no valid minutes
AssertionError: expected true to be false // Object.is equality

- Expected
+ Received

- false
+ true

 ❯ tests/services/arrivals.service.test.ts:104:42
    102|       const result = await arrivalsService.fetchSmartArrivals(100, und…
    103|       expect(result?.arrivals[0].minutes).toBeNull();
    104|       expect(result?.arrivals[0].active).toBe(false);
       |                                          ^
    105|     });
    106|

⎯⎯⎯⎯⎯⎯⎯⎯⎯⎯⎯⎯⎯⎯⎯⎯⎯⎯⎯⎯⎯⎯[27/33]⎯


 Test Files  14 failed | 17 passed (31)
      Tests  33 failed | 145 passed (178)
   Start at  22:14:16
   Duration  4.43s (transform 2.40s, setup 0ms, import 10.26s, tests 21.48s, environment 3ms)

